Initializing gRPC client for streaming mode...
Capped dataset to first 96 items via --max-samples.
Initializing temporary async client for fetching stats...
Fetching inference statistics before running tasks...
task-0: Initializing sync client for streaming...
task-0: Starting streaming processing for 16 items.
task-0: Processing item 0/16
task-1: Initializing sync client for streaming...
task-1: Starting streaming processing for 16 items.
task-1: Processing item 0/16
task-2: Initializing sync client for streaming...
task-2: Starting streaming processing for 16 items.
task-2: Processing item 0/16
task-3: Initializing sync client for streaming...
task-3: Starting streaming processing for 16 items.
task-3: Processing item 0/16
task-4: Initializing sync client for streaming...
task-4: Starting streaming processing for 16 items.
task-4: Processing item 0/16
task-5: Initializing sync client for streaming...
task-5: Starting streaming processing for 16 items.
task-5: Processing item 0/16
task-0: Item 0 - First Chunk Latency: 0.6572s, Second Chunk Latency: 0.5987725257873535, Total Latency: 3.3078s, Duration: 2.9600s
task-3: Item 0 - First Chunk Latency: 0.7419s, Second Chunk Latency: 0.708956241607666, Total Latency: 4.2478s, Duration: 3.2400s
task-4: Item 0 - First Chunk Latency: 1.1602s, Second Chunk Latency: 0.6089732646942139, Total Latency: 5.0460s, Duration: 4.0000s
task-1: Item 0 - First Chunk Latency: 0.6386s, Second Chunk Latency: 0.6027345657348633, Total Latency: 5.3063s, Duration: 4.3200s
task-2: Item 0 - First Chunk Latency: 0.8492s, Second Chunk Latency: 0.6756081581115723, Total Latency: 6.9093s, Duration: 5.8000s
task-0: Item 1 - First Chunk Latency: 1.4598s, Second Chunk Latency: 0.5708544254302979, Total Latency: 3.9556s, Duration: 3.0000s
task-4: Item 1 - First Chunk Latency: 1.1027s, Second Chunk Latency: 0.6537690162658691, Total Latency: 3.7147s, Duration: 2.9200s
task-3: Item 1 - First Chunk Latency: 1.3877s, Second Chunk Latency: 0.5911860466003418, Total Latency: 4.6780s, Duration: 3.2400s
task-1: Item 1 - First Chunk Latency: 1.4182s, Second Chunk Latency: 0.5901272296905518, Total Latency: 5.2888s, Duration: 4.2400s
task-3: Item 2 - First Chunk Latency: 1.1238s, Second Chunk Latency: 0.7087292671203613, Total Latency: 4.7233s, Duration: 3.3600s
task-4: Item 2 - First Chunk Latency: 1.2756s, Second Chunk Latency: 0.7075879573822021, Total Latency: 6.3397s, Duration: 4.4400s
task-2: Item 1 - First Chunk Latency: 1.2813s, Second Chunk Latency: 0.7409322261810303, Total Latency: 11.8065s, Duration: 8.0000s
task-3: Item 3 - First Chunk Latency: 1.6660s, Second Chunk Latency: 0.5866684913635254, Total Latency: 5.3706s, Duration: 3.3600s
task-1: Item 2 - First Chunk Latency: 1.5746s, Second Chunk Latency: 0.7541353702545166, Total Latency: 8.6540s, Duration: 6.0400s
task-0: Item 2 - First Chunk Latency: 1.3241s, Second Chunk Latency: 0.6061947345733643, Total Latency: 12.5463s, Duration: 8.6400s
task-3: Item 4 - First Chunk Latency: 1.1525s, Second Chunk Latency: 0.580946683883667, Total Latency: 4.8741s, Duration: 3.5600s
task-3: Processing item 5/16
task-2: Item 2 - First Chunk Latency: 1.1883s, Second Chunk Latency: 0.6379570960998535, Total Latency: 5.6762s, Duration: 4.2800s
task-1: Item 3 - First Chunk Latency: 1.1013s, Second Chunk Latency: 0.604860782623291, Total Latency: 5.6910s, Duration: 4.2400s
task-4: Item 3 - First Chunk Latency: 1.7125s, Second Chunk Latency: 0.7440228462219238, Total Latency: 9.8667s, Duration: 6.8000s
task-0: Item 3 - First Chunk Latency: 1.6612s, Second Chunk Latency: 0.6761610507965088, Total Latency: 5.9426s, Duration: 3.8000s
task-1: Item 4 - First Chunk Latency: 1.0315s, Second Chunk Latency: 0.6479980945587158, Total Latency: 3.1582s, Duration: 2.4800s
task-1: Processing item 5/16
task-4: Item 4 - First Chunk Latency: 1.3110s, Second Chunk Latency: 0.6178689002990723, Total Latency: 4.7102s, Duration: 3.2400s
task-4: Processing item 5/16
task-0: Item 4 - First Chunk Latency: 1.5435s, Second Chunk Latency: 0.7589571475982666, Total Latency: 6.1580s, Duration: 4.2000s
task-0: Processing item 5/16
task-2: Item 3 - First Chunk Latency: 1.2788s, Second Chunk Latency: 0.5917856693267822, Total Latency: 8.4685s, Duration: 6.6800s
task-1: Item 5 - First Chunk Latency: 1.5536s, Second Chunk Latency: 0.7235293388366699, Total Latency: 7.2113s, Duration: 5.4000s
task-0: Item 5 - First Chunk Latency: 1.5901s, Second Chunk Latency: 0.8105065822601318, Total Latency: 5.5339s, Duration: 3.2800s
task-2: Item 4 - First Chunk Latency: 1.5776s, Second Chunk Latency: 0.7228729724884033, Total Latency: 5.9680s, Duration: 3.9200s
task-2: Processing item 5/16
task-4: Item 5 - First Chunk Latency: 1.5352s, Second Chunk Latency: 0.73934006690979, Total Latency: 9.7655s, Duration: 7.2000s
task-5: Item 0 - First Chunk Latency: 1.2323s, Second Chunk Latency: 0.6657421588897705, Total Latency: 40.6359s, Duration: 24.0000s
task-1: Item 6 - First Chunk Latency: 1.5899s, Second Chunk Latency: 0.7186026573181152, Total Latency: 9.8141s, Duration: 6.8800s
task-4: Item 6 - First Chunk Latency: 1.4410s, Second Chunk Latency: 0.6449589729309082, Total Latency: 7.3277s, Duration: 5.4400s
task-5: Item 1 - First Chunk Latency: 1.5095s, Second Chunk Latency: 0.7086448669433594, Total Latency: 7.3848s, Duration: 5.1200s
task-2: Item 5 - First Chunk Latency: 1.4973s, Second Chunk Latency: 0.6445798873901367, Total Latency: 9.7030s, Duration: 6.8000s
task-1: Item 7 - First Chunk Latency: 1.6468s, Second Chunk Latency: 0.6404845714569092, Total Latency: 5.8236s, Duration: 3.9600s
task-4: Item 7 - First Chunk Latency: 1.6007s, Second Chunk Latency: 0.557065486907959, Total Latency: 6.6681s, Duration: 4.6800s
task-2: Item 6 - First Chunk Latency: 1.4354s, Second Chunk Latency: 0.706763744354248, Total Latency: 5.6789s, Duration: 4.2000s
task-1: Item 8 - First Chunk Latency: 1.6114s, Second Chunk Latency: 0.7183315753936768, Total Latency: 4.3350s, Duration: 2.6400s
task-5: Item 2 - First Chunk Latency: 1.5253s, Second Chunk Latency: 0.7233622074127197, Total Latency: 8.0796s, Duration: 5.8400s
task-4: Item 8 - First Chunk Latency: 1.3512s, Second Chunk Latency: 0.6146295070648193, Total Latency: 5.6232s, Duration: 3.9600s
task-2: Item 7 - First Chunk Latency: 1.6136s, Second Chunk Latency: 0.6791822910308838, Total Latency: 5.2328s, Duration: 3.2000s
task-1: Item 9 - First Chunk Latency: 1.3919s, Second Chunk Latency: 0.6597034931182861, Total Latency: 5.6951s, Duration: 3.9600s
task-1: Processing item 10/16
task-5: Item 3 - First Chunk Latency: 1.4429s, Second Chunk Latency: 0.7334787845611572, Total Latency: 7.3822s, Duration: 5.4000s
task-4: Item 9 - First Chunk Latency: 1.5243s, Second Chunk Latency: 0.7046709060668945, Total Latency: 6.7323s, Duration: 4.4400s
task-4: Processing item 10/16
task-1: Item 10 - First Chunk Latency: 1.6755s, Second Chunk Latency: 0.7087409496307373, Total Latency: 5.3090s, Duration: 3.5600s
task-2: Item 8 - First Chunk Latency: 1.5220s, Second Chunk Latency: 0.6167490482330322, Total Latency: 7.3013s, Duration: 5.3200s
task-3: Item 5 - First Chunk Latency: 1.2023s, Second Chunk Latency: 0.5363032817840576, Total Latency: 43.5470s, Duration: 24.0000s
task-5: Item 4 - First Chunk Latency: 1.4573s, Second Chunk Latency: 0.7743117809295654, Total Latency: 4.0499s, Duration: 2.9600s
task-5: Processing item 5/16
task-2: Item 9 - First Chunk Latency: 1.2090s, Second Chunk Latency: 0.7275481224060059, Total Latency: 3.4509s, Duration: 2.0400s
task-2: Processing item 10/16
task-1: Item 11 - First Chunk Latency: 1.2846s, Second Chunk Latency: 0.670496940612793, Total Latency: 5.6264s, Duration: 4.2000s
task-5: Item 5 - First Chunk Latency: 1.0814s, Second Chunk Latency: 0.6289916038513184, Total Latency: 5.9449s, Duration: 4.6000s
task-4: Item 10 - First Chunk Latency: 1.5557s, Second Chunk Latency: 0.5045695304870605, Total Latency: 7.8681s, Duration: 5.5600s
task-3: Item 6 - First Chunk Latency: 1.2520s, Second Chunk Latency: 0.6475098133087158, Total Latency: 9.2147s, Duration: 6.7600s
task-1: Item 12 - First Chunk Latency: 1.6104s, Second Chunk Latency: 0.5845677852630615, Total Latency: 5.0121s, Duration: 3.3200s
task-2: Item 10 - First Chunk Latency: 1.5803s, Second Chunk Latency: 0.690284013748169, Total Latency: 9.7319s, Duration: 7.0000s
task-5: Item 6 - First Chunk Latency: 1.3593s, Second Chunk Latency: 0.7426571846008301, Total Latency: 6.5040s, Duration: 4.7600s
task-0: Item 6 - First Chunk Latency: 1.6595s, Second Chunk Latency: 0.5886960029602051, Total Latency: 42.9738s, Duration: 24.0000s
task-4: Item 11 - First Chunk Latency: 1.2836s, Second Chunk Latency: 0.7471692562103271, Total Latency: 7.5192s, Duration: 5.8400s
task-3: Item 7 - First Chunk Latency: 1.2209s, Second Chunk Latency: 0.7207696437835693, Total Latency: 6.0058s, Duration: 4.6000s
task-5: Item 7 - First Chunk Latency: 1.1076s, Second Chunk Latency: 0.6054985523223877, Total Latency: 2.9324s, Duration: 2.4400s
task-1: Item 13 - First Chunk Latency: 1.3727s, Second Chunk Latency: 0.7158503532409668, Total Latency: 6.7562s, Duration: 4.9200s
task-4: Item 12 - First Chunk Latency: 1.5426s, Second Chunk Latency: 0.5234518051147461, Total Latency: 2.6460s, Duration: 1.4800s
task-3: Item 8 - First Chunk Latency: 1.2633s, Second Chunk Latency: 0.49552369117736816, Total Latency: 3.0614s, Duration: 2.3600s
task-2: Item 11 - First Chunk Latency: 1.0507s, Second Chunk Latency: 0.6265377998352051, Total Latency: 6.9104s, Duration: 5.8000s
task-0: Item 7 - First Chunk Latency: 1.3855s, Second Chunk Latency: 0.6576149463653564, Total Latency: 7.4532s, Duration: 5.7600s
task-5: Item 8 - First Chunk Latency: 1.3003s, Second Chunk Latency: 0.5920557975769043, Total Latency: 5.2127s, Duration: 4.0400s
task-3: Item 9 - First Chunk Latency: 1.4819s, Second Chunk Latency: 0.6048116683959961, Total Latency: 2.6838s, Duration: 1.8400s
task-3: Processing item 10/16
task-4: Item 13 - First Chunk Latency: 1.3840s, Second Chunk Latency: 0.6568808555603027, Total Latency: 6.7905s, Duration: 4.9200s
task-1: Item 14 - First Chunk Latency: 1.2825s, Second Chunk Latency: 0.6806778907775879, Total Latency: 8.1571s, Duration: 6.3200s
task-1: Processing item 15/16
task-0: Item 8 - First Chunk Latency: 1.0836s, Second Chunk Latency: 0.7176313400268555, Total Latency: 5.3459s, Duration: 4.0800s
task-3: Item 10 - First Chunk Latency: 1.3278s, Second Chunk Latency: 0.7154567241668701, Total Latency: 5.4817s, Duration: 4.2800s
task-2: Item 12 - First Chunk Latency: 1.4549s, Second Chunk Latency: 0.497424840927124, Total Latency: 7.4241s, Duration: 5.8400s
task-5: Item 9 - First Chunk Latency: 1.3047s, Second Chunk Latency: 0.7181265354156494, Total Latency: 6.1101s, Duration: 4.4400s
task-5: Processing item 10/16
task-4: Item 14 - First Chunk Latency: 1.4878s, Second Chunk Latency: 0.5587525367736816, Total Latency: 5.3029s, Duration: 4.0800s
task-4: Processing item 15/16
task-1: Item 15 - First Chunk Latency: 1.5233s, Second Chunk Latency: 0.591437578201294, Total Latency: 6.0800s, Duration: 4.4400s
task-1: Closing stream and sync client...
task-1: Finished streaming processing. Total duration synthesized: 70.9200s
task-1: Dropped first 4 requests as warmup from latency aggregation.
task-0: Item 9 - First Chunk Latency: 1.3365s, Second Chunk Latency: 0.5872056484222412, Total Latency: 6.1773s, Duration: 4.3200s
task-0: Processing item 10/16
task-2: Item 13 - First Chunk Latency: 1.2460s, Second Chunk Latency: 0.6456658840179443, Total Latency: 5.3590s, Duration: 3.7200s
task-5: Item 10 - First Chunk Latency: 1.1607s, Second Chunk Latency: 0.6396057605743408, Total Latency: 7.3087s, Duration: 5.6800s
task-3: Item 11 - First Chunk Latency: 1.0295s, Second Chunk Latency: 0.6810357570648193, Total Latency: 9.0462s, Duration: 7.4400s
task-2: Item 14 - First Chunk Latency: 1.0633s, Second Chunk Latency: 0.5962340831756592, Total Latency: 5.5034s, Duration: 4.5200s
task-2: Processing item 15/16
task-5: Item 11 - First Chunk Latency: 1.2331s, Second Chunk Latency: 0.5027844905853271, Total Latency: 3.5585s, Duration: 3.0000s
task-0: Item 10 - First Chunk Latency: 1.1694s, Second Chunk Latency: 0.634843111038208, Total Latency: 6.4838s, Duration: 5.6000s
task-3: Item 12 - First Chunk Latency: 1.2351s, Second Chunk Latency: 0.6009197235107422, Total Latency: 3.5628s, Duration: 2.6800s
task-5: Item 12 - First Chunk Latency: 0.9770s, Second Chunk Latency: 0.5123124122619629, Total Latency: 4.7550s, Duration: 3.9200s
task-2: Item 15 - First Chunk Latency: 0.9540s, Second Chunk Latency: 0.5241844654083252, Total Latency: 6.7674s, Duration: 6.0800s
task-2: Closing stream and sync client...
task-2: Finished streaming processing. Total duration synthesized: 83.2000s
task-2: Dropped first 4 requests as warmup from latency aggregation.
task-0: Item 11 - First Chunk Latency: 1.0233s, Second Chunk Latency: 0.5705747604370117, Total Latency: 6.8097s, Duration: 6.0000s
task-5: Item 13 - First Chunk Latency: 1.1485s, Second Chunk Latency: 0.6113555431365967, Total Latency: 3.3325s, Duration: 3.0800s
task-3: Item 13 - First Chunk Latency: 1.1868s, Second Chunk Latency: 0.6279003620147705, Total Latency: 8.2724s, Duration: 7.0000s
task-5: Item 14 - First Chunk Latency: 1.0087s, Second Chunk Latency: 0.5324356555938721, Total Latency: 3.1402s, Duration: 2.9200s
task-5: Processing item 15/16
task-0: Item 12 - First Chunk Latency: 1.0531s, Second Chunk Latency: 0.5149073600769043, Total Latency: 5.2062s, Duration: 5.0800s
task-3: Item 14 - First Chunk Latency: 1.0220s, Second Chunk Latency: 0.5145976543426514, Total Latency: 4.1587s, Duration: 4.0400s
task-3: Processing item 15/16
task-5: Item 15 - First Chunk Latency: 0.8418s, Second Chunk Latency: 0.569300651550293, Total Latency: 3.4982s, Duration: 3.3200s
task-5: Closing stream and sync client...
task-5: Finished streaming processing. Total duration synthesized: 85.5200s
task-5: Dropped first 4 requests as warmup from latency aggregation.
task-0: Item 13 - First Chunk Latency: 0.9664s, Second Chunk Latency: 0.5018584728240967, Total Latency: 3.8721s, Duration: 3.8000s
task-3: Item 15 - First Chunk Latency: 0.8579s, Second Chunk Latency: 0.485842227935791, Total Latency: 6.2577s, Duration: 7.1600s
task-3: Closing stream and sync client...
task-3: Finished streaming processing. Total duration synthesized: 88.9200s
task-3: Dropped first 4 requests as warmup from latency aggregation.
task-4: Item 15 - First Chunk Latency: 1.3488s, Second Chunk Latency: 0.6924071311950684, Total Latency: 29.5639s, Duration: 24.0000s
task-4: Closing stream and sync client...
task-4: Finished streaming processing. Total duration synthesized: 93.0000s
task-4: Dropped first 4 requests as warmup from latency aggregation.
task-0: Item 14 - First Chunk Latency: 0.7940s, Second Chunk Latency: 0.471327543258667, Total Latency: 4.0272s, Duration: 4.3200s
task-0: Processing item 15/16
task-0: Item 15 - First Chunk Latency: 0.5436s, Second Chunk Latency: 0.3988215923309326, Total Latency: 3.4269s, Duration: 4.8400s
task-0: Closing stream and sync client...
task-0: Finished streaming processing. Total duration synthesized: 93.6800s
task-0: Dropped first 4 requests as warmup from latency aggregation.
Mode: streaming
RTF: 0.2524
total_duration: 515.240 seconds
(0.14 hours)
processing time: 130.025 seconds (0.04 hours)

--- Total Request Latency ---
total_request_latency_variance: 48042.70
total_request_latency_50_percentile_ms: 5884.28
total_request_latency_90_percentile_ms: 9197.81
total_request_latency_95_percentile_ms: 9787.37
total_request_latency_99_percentile_ms: 43140.02
average_total_request_latency_ms: 7201.51

--- First Chunk Latency ---
first_chunk_latency_variance: 58.05
first_chunk_latency_50_percentile_ms: 1307.87
first_chunk_latency_90_percentile_ms: 1590.04
first_chunk_latency_95_percentile_ms: 1612.38
first_chunk_latency_99_percentile_ms: 1664.17
average_first_chunk_latency_ms: 1298.68

--- Second Chunk Latency ---
second_chunk_latency_variance: 7.28
second_chunk_latency_50_percentile_ms: 631.92
second_chunk_latency_90_percentile_ms: 723.46
second_chunk_latency_95_percentile_ms: 744.69
second_chunk_latency_99_percentile_ms: 784.81
average_second_chunk_latency_ms: 627.14

--- Inter-Chunk Interval (jitter) ---
inter_chunk_count: 587
inter_chunk_interval_50_percentile_ms: 689.66
inter_chunk_interval_90_percentile_ms: 904.06
inter_chunk_interval_95_percentile_ms: 1202.20
inter_chunk_interval_99_percentile_ms: 1480.46
inter_chunk_interval_max_ms: 1740.80
average_inter_chunk_interval_ms: 723.95
stutter_fraction_above_1000ms: 0.0733

Fetching inference statistics after running tasks...
Calculating statistics difference...
Fetching model config...
Closing temporary async stats client...
