Initializing gRPC client for streaming mode...
Capped dataset to first 96 items via --max-samples.
Initializing temporary async client for fetching stats...
Fetching inference statistics before running tasks...
task-0: Initializing sync client for streaming...
task-0: Starting streaming processing for 12 items.
task-0: Processing item 0/12
task-1: Initializing sync client for streaming...
task-1: Starting streaming processing for 12 items.
task-1: Processing item 0/12
task-2: Initializing sync client for streaming...
task-2: Starting streaming processing for 12 items.
task-2: Processing item 0/12
task-3: Initializing sync client for streaming...
task-3: Starting streaming processing for 12 items.
task-3: Processing item 0/12
task-4: Initializing sync client for streaming...
task-4: Starting streaming processing for 12 items.
task-4: Processing item 0/12
task-5: Initializing sync client for streaming...
task-5: Starting streaming processing for 12 items.
task-5: Processing item 0/12
task-6: Initializing sync client for streaming...
task-6: Starting streaming processing for 12 items.
task-6: Processing item 0/12
task-7: Initializing sync client for streaming...
task-7: Starting streaming processing for 12 items.
task-7: Processing item 0/12
task-7: Item 0 - First Chunk Latency: 0.5306s, Second Chunk Latency: 0.29571533203125, Total Latency: 1.1440s, Duration: 2.0800s
task-0: Item 0 - First Chunk Latency: 0.2507s, Second Chunk Latency: 0.27201199531555176, Total Latency: 1.3500s, Duration: 3.1200s
task-6: Item 0 - First Chunk Latency: 0.2680s, Second Chunk Latency: 0.3947749137878418, Total Latency: 1.5219s, Duration: 3.4400s
task-4: Item 0 - First Chunk Latency: 0.6458s, Second Chunk Latency: 0.28330230712890625, Total Latency: 1.6969s, Duration: 3.1200s
task-5: Item 0 - First Chunk Latency: 0.6017s, Second Chunk Latency: 0.3020510673522949, Total Latency: 1.6595s, Duration: 3.1600s
task-2: Item 0 - First Chunk Latency: 0.4640s, Second Chunk Latency: 0.29555177688598633, Total Latency: 1.7276s, Duration: 3.2400s
task-3: Item 0 - First Chunk Latency: 0.4594s, Second Chunk Latency: 0.4226720333099365, Total Latency: 1.8044s, Duration: 3.6000s
task-1: Item 0 - First Chunk Latency: 0.3462s, Second Chunk Latency: 0.365131139755249, Total Latency: 2.3249s, Duration: 5.6400s
task-0: Item 1 - First Chunk Latency: 0.5233s, Second Chunk Latency: 0.27536821365356445, Total Latency: 1.6439s, Duration: 3.1200s
task-7: Item 1 - First Chunk Latency: 0.4538s, Second Chunk Latency: 0.2812924385070801, Total Latency: 1.6845s, Duration: 3.8400s
task-4: Item 1 - First Chunk Latency: 0.4131s, Second Chunk Latency: 0.3609316349029541, Total Latency: 1.7226s, Duration: 3.1600s
task-6: Item 1 - First Chunk Latency: 0.3954s, Second Chunk Latency: 0.3629567623138428, Total Latency: 1.8479s, Duration: 4.2000s
task-2: Item 1 - First Chunk Latency: 0.5591s, Second Chunk Latency: 0.39811205863952637, Total Latency: 2.0263s, Duration: 4.1200s
task-1: Item 1 - First Chunk Latency: 0.5035s, Second Chunk Latency: 0.2889213562011719, Total Latency: 1.7928s, Duration: 3.9600s
task-5: Item 1 - First Chunk Latency: 0.6094s, Second Chunk Latency: 0.35534071922302246, Total Latency: 2.7082s, Duration: 6.3600s
task-3: Item 1 - First Chunk Latency: 0.5054s, Second Chunk Latency: 0.2666792869567871, Total Latency: 2.6774s, Duration: 6.6400s
task-4: Item 2 - First Chunk Latency: 0.3538s, Second Chunk Latency: 0.26587724685668945, Total Latency: 1.2212s, Duration: 2.8800s
task-7: Item 2 - First Chunk Latency: 0.4216s, Second Chunk Latency: 0.30208754539489746, Total Latency: 1.9960s, Duration: 5.0000s
task-2: Item 2 - First Chunk Latency: 0.2695s, Second Chunk Latency: 0.3900277614593506, Total Latency: 1.5353s, Duration: 3.7200s
task-0: Item 2 - First Chunk Latency: 0.5413s, Second Chunk Latency: 0.3080892562866211, Total Latency: 2.5298s, Duration: 6.2000s
task-6: Item 2 - First Chunk Latency: 0.4218s, Second Chunk Latency: 0.32010841369628906, Total Latency: 2.1615s, Duration: 5.3600s
task-1: Item 2 - First Chunk Latency: 0.4270s, Second Chunk Latency: 0.34975266456604004, Total Latency: 1.7824s, Duration: 4.0400s
task-3: Item 2 - First Chunk Latency: 0.3507s, Second Chunk Latency: 0.26857995986938477, Total Latency: 1.6378s, Duration: 4.0800s
task-7: Item 3 - First Chunk Latency: 0.5261s, Second Chunk Latency: 0.3011155128479004, Total Latency: 1.2383s, Duration: 2.2800s
task-5: Item 2 - First Chunk Latency: 0.4810s, Second Chunk Latency: 0.3238248825073242, Total Latency: 1.9947s, Duration: 4.0800s
task-4: Item 3 - First Chunk Latency: 0.4773s, Second Chunk Latency: 0.38541412353515625, Total Latency: 1.8045s, Duration: 3.2000s
task-0: Item 3 - First Chunk Latency: 0.4731s, Second Chunk Latency: 0.5245568752288818, Total Latency: 1.9235s, Duration: 3.7200s
task-3: Item 3 - First Chunk Latency: 0.4603s, Second Chunk Latency: 0.26265382766723633, Total Latency: 1.3313s, Duration: 2.6000s
task-7: Item 4 - First Chunk Latency: 0.4189s, Second Chunk Latency: 0.32826948165893555, Total Latency: 1.6422s, Duration: 4.0000s
task-7: Processing item 5/12
task-6: Item 3 - First Chunk Latency: 0.5381s, Second Chunk Latency: 0.442363977432251, Total Latency: 2.3086s, Duration: 5.5600s
task-4: Item 4 - First Chunk Latency: 0.4596s, Second Chunk Latency: 0.33893561363220215, Total Latency: 1.5676s, Duration: 3.8400s
task-4: Processing item 5/12
task-5: Item 3 - First Chunk Latency: 0.3712s, Second Chunk Latency: 0.2474050521850586, Total Latency: 1.9811s, Duration: 5.6400s
task-6: Item 4 - First Chunk Latency: 0.4119s, Second Chunk Latency: 0.3548393249511719, Total Latency: 1.0779s, Duration: 1.9200s
task-6: Processing item 5/12
task-0: Item 4 - First Chunk Latency: 0.3376s, Second Chunk Latency: 0.34085965156555176, Total Latency: 1.5981s, Duration: 3.7200s
task-0: Processing item 5/12
task-3: Item 4 - First Chunk Latency: 0.4571s, Second Chunk Latency: 0.3430345058441162, Total Latency: 1.9238s, Duration: 4.8400s
task-3: Processing item 5/12
task-7: Item 5 - First Chunk Latency: 0.5069s, Second Chunk Latency: 0.40677928924560547, Total Latency: 1.7027s, Duration: 3.8000s
task-4: Item 5 - First Chunk Latency: 0.4781s, Second Chunk Latency: 0.34546518325805664, Total Latency: 1.9474s, Duration: 4.4000s
task-5: Item 4 - First Chunk Latency: 0.5023s, Second Chunk Latency: 0.22957110404968262, Total Latency: 1.6313s, Duration: 3.7200s
task-5: Processing item 5/12
task-0: Item 5 - First Chunk Latency: 0.4639s, Second Chunk Latency: 0.33496952056884766, Total Latency: 1.1079s, Duration: 2.5200s
task-3: Item 5 - First Chunk Latency: 0.4983s, Second Chunk Latency: 0.27377843856811523, Total Latency: 1.2747s, Duration: 2.5600s
task-6: Item 5 - First Chunk Latency: 0.4203s, Second Chunk Latency: 0.4602475166320801, Total Latency: 2.1008s, Duration: 5.2400s
task-5: Item 5 - First Chunk Latency: 0.5949s, Second Chunk Latency: 0.3355555534362793, Total Latency: 1.4274s, Duration: 2.9200s
task-7: Item 6 - First Chunk Latency: 0.5348s, Second Chunk Latency: 0.32286977767944336, Total Latency: 2.1630s, Duration: 5.6800s
task-4: Item 6 - First Chunk Latency: 0.4753s, Second Chunk Latency: 0.34483933448791504, Total Latency: 2.1077s, Duration: 6.0800s
task-2: Item 3 - First Chunk Latency: 0.6074s, Second Chunk Latency: 0.2863197326660156, Total Latency: 7.5845s, Duration: 23.6000s
task-7: Item 7 - First Chunk Latency: 0.3553s, Second Chunk Latency: 0.24039602279663086, Total Latency: 1.1649s, Duration: 2.8400s
task-3: Item 6 - First Chunk Latency: 0.4250s, Second Chunk Latency: 0.2310197353363037, Total Latency: 2.5170s, Duration: 8.1200s
task-5: Item 6 - First Chunk Latency: 0.4078s, Second Chunk Latency: 0.2350316047668457, Total Latency: 1.7545s, Duration: 4.8400s
task-1: Item 3 - First Chunk Latency: 0.5092s, Second Chunk Latency: 0.3709757328033447, Total Latency: 7.4960s, Duration: 23.6000s
task-4: Item 7 - First Chunk Latency: 0.3137s, Second Chunk Latency: 0.30817174911499023, Total Latency: 1.8163s, Duration: 4.5200s
task-2: Item 4 - First Chunk Latency: 0.4060s, Second Chunk Latency: 0.3783233165740967, Total Latency: 1.6009s, Duration: 3.5200s
task-2: Processing item 5/12
task-0: Item 6 - First Chunk Latency: 0.3941s, Second Chunk Latency: 0.3456439971923828, Total Latency: 4.2325s, Duration: 13.2800s
task-7: Item 8 - First Chunk Latency: 0.5124s, Second Chunk Latency: 0.32480525970458984, Total Latency: 1.6999s, Duration: 3.9600s
task-3: Item 7 - First Chunk Latency: 0.3277s, Second Chunk Latency: 0.31649160385131836, Total Latency: 1.7298s, Duration: 4.2400s
task-4: Item 8 - First Chunk Latency: 0.3088s, Second Chunk Latency: 0.430682897567749, Total Latency: 1.0801s, Duration: 2.2400s
task-1: Item 4 - First Chunk Latency: 0.4112s, Second Chunk Latency: 0.23720788955688477, Total Latency: 1.7397s, Duration: 3.9600s
task-1: Processing item 5/12
task-5: Item 7 - First Chunk Latency: 0.5549s, Second Chunk Latency: 0.2221050262451172, Total Latency: 2.1222s, Duration: 5.0400s
task-4: Item 9 - First Chunk Latency: 0.3358s, Second Chunk Latency: 0.29962897300720215, Total Latency: 1.0063s, Duration: 2.1600s
task-4: Processing item 10/12
task-7: Item 9 - First Chunk Latency: 0.3422s, Second Chunk Latency: 0.38574910163879395, Total Latency: 1.4056s, Duration: 3.1200s
task-7: Processing item 10/12
task-2: Item 5 - First Chunk Latency: 0.4845s, Second Chunk Latency: 0.311429500579834, Total Latency: 2.1993s, Duration: 5.4000s
task-1: Item 5 - First Chunk Latency: 0.4297s, Second Chunk Latency: 0.33197903633117676, Total Latency: 1.6136s, Duration: 3.8800s
task-5: Item 8 - First Chunk Latency: 0.4967s, Second Chunk Latency: 0.35938310623168945, Total Latency: 1.4259s, Duration: 3.1200s
task-3: Item 8 - First Chunk Latency: 0.4507s, Second Chunk Latency: 0.2369527816772461, Total Latency: 1.9306s, Duration: 4.8800s
task-7: Item 10 - First Chunk Latency: 0.5030s, Second Chunk Latency: 0.521874189376831, Total Latency: 1.2600s, Duration: 2.3200s
task-0: Item 7 - First Chunk Latency: 0.5280s, Second Chunk Latency: 0.3312556743621826, Total Latency: 3.1046s, Duration: 7.4400s
task-4: Item 10 - First Chunk Latency: 0.3436s, Second Chunk Latency: 0.30612683296203613, Total Latency: 1.6675s, Duration: 3.8800s
task-3: Item 9 - First Chunk Latency: 0.6118s, Second Chunk Latency: 0.39900994300842285, Total Latency: 1.8408s, Duration: 4.0400s
task-3: Processing item 10/12
task-6: Item 6 - First Chunk Latency: 0.4214s, Second Chunk Latency: 0.2034316062927246, Total Latency: 7.6981s, Duration: 23.6000s
task-2: Item 6 - First Chunk Latency: 0.4750s, Second Chunk Latency: 0.2483360767364502, Total Latency: 2.2591s, Duration: 5.6800s
task-5: Item 9 - First Chunk Latency: 0.4107s, Second Chunk Latency: 0.409940242767334, Total Latency: 2.2073s, Duration: 5.3600s
task-5: Processing item 10/12
task-0: Item 8 - First Chunk Latency: 0.3326s, Second Chunk Latency: 0.38857531547546387, Total Latency: 1.4097s, Duration: 3.1600s
task-7: Item 11 - First Chunk Latency: 0.4300s, Second Chunk Latency: 0.3315551280975342, Total Latency: 1.6097s, Duration: 3.2400s
task-7: Closing stream and sync client...
task-7: Finished streaming processing. Total duration synthesized: 42.1600s
task-7: Dropped first 4 requests as warmup from latency aggregation.
task-1: Item 6 - First Chunk Latency: 0.5752s, Second Chunk Latency: 0.42694544792175293, Total Latency: 2.4012s, Duration: 5.3200s
task-3: Item 10 - First Chunk Latency: 0.4988s, Second Chunk Latency: 0.2710843086242676, Total Latency: 1.5482s, Duration: 3.7600s
task-2: Item 7 - First Chunk Latency: 0.5476s, Second Chunk Latency: 0.28197193145751953, Total Latency: 1.6093s, Duration: 3.4800s
task-0: Item 9 - First Chunk Latency: 0.4616s, Second Chunk Latency: 0.2467341423034668, Total Latency: 1.4345s, Duration: 3.4000s
task-0: Processing item 10/12
task-5: Item 10 - First Chunk Latency: 0.4581s, Second Chunk Latency: 0.24578118324279785, Total Latency: 1.7368s, Duration: 4.7200s
task-1: Item 7 - First Chunk Latency: 0.5205s, Second Chunk Latency: 0.29390716552734375, Total Latency: 1.8022s, Duration: 4.6800s
task-4: Item 11 - First Chunk Latency: 0.5597s, Second Chunk Latency: 0.22286081314086914, Total Latency: 3.8514s, Duration: 10.9200s
task-4: Closing stream and sync client...
task-4: Finished streaming processing. Total duration synthesized: 50.4000s
task-4: Dropped first 4 requests as warmup from latency aggregation.
task-6: Item 7 - First Chunk Latency: 0.4949s, Second Chunk Latency: 0.26131224632263184, Total Latency: 3.0370s, Duration: 8.6400s
task-1: Item 8 - First Chunk Latency: 0.4235s, Second Chunk Latency: 0.262911319732666, Total Latency: 0.9975s, Duration: 2.2000s
task-2: Item 8 - First Chunk Latency: 0.3831s, Second Chunk Latency: 0.31493282318115234, Total Latency: 1.5771s, Duration: 4.2000s
task-3: Item 11 - First Chunk Latency: 0.4727s, Second Chunk Latency: 0.33128881454467773, Total Latency: 2.0421s, Duration: 5.5600s
task-3: Closing stream and sync client...
task-3: Finished streaming processing. Total duration synthesized: 54.9200s
task-3: Dropped first 4 requests as warmup from latency aggregation.
task-5: Item 11 - First Chunk Latency: 0.5050s, Second Chunk Latency: 0.2983582019805908, Total Latency: 1.5901s, Duration: 4.2000s
task-5: Closing stream and sync client...
task-5: Finished streaming processing. Total duration synthesized: 53.1600s
task-5: Dropped first 4 requests as warmup from latency aggregation.
task-0: Item 10 - First Chunk Latency: 0.4128s, Second Chunk Latency: 0.2606997489929199, Total Latency: 2.0305s, Duration: 5.8800s
task-1: Item 9 - First Chunk Latency: 0.3977s, Second Chunk Latency: 0.2604074478149414, Total Latency: 1.3389s, Duration: 5.3200s
task-1: Processing item 10/12
task-0: Item 11 - First Chunk Latency: 0.2561s, Second Chunk Latency: 0.2034931182861328, Total Latency: 1.1997s, Duration: 5.8000s
task-0: Closing stream and sync client...
task-0: Finished streaming processing. Total duration synthesized: 61.3600s
task-0: Dropped first 4 requests as warmup from latency aggregation.
task-6: Item 8 - First Chunk Latency: 0.2794s, Second Chunk Latency: 0.2907438278198242, Total Latency: 2.3527s, Duration: 12.0000s
task-1: Item 10 - First Chunk Latency: 0.3117s, Second Chunk Latency: 0.21314573287963867, Total Latency: 1.6372s, Duration: 8.9600s
task-6: Item 9 - First Chunk Latency: 0.2973s, Second Chunk Latency: 0.21365141868591309, Total Latency: 1.1623s, Duration: 5.0400s
task-6: Processing item 10/12
task-1: Item 11 - First Chunk Latency: 0.2859s, Second Chunk Latency: 0.14877080917358398, Total Latency: 0.9559s, Duration: 4.2000s
task-1: Closing stream and sync client...
task-1: Finished streaming processing. Total duration synthesized: 75.7600s
task-1: Dropped first 4 requests as warmup from latency aggregation.
task-2: Item 9 - First Chunk Latency: 0.4311s, Second Chunk Latency: 0.20993280410766602, Total Latency: 3.8973s, Duration: 23.6000s
task-2: Processing item 10/12
task-6: Item 10 - First Chunk Latency: 0.3434s, Second Chunk Latency: 0.23795008659362793, Total Latency: 1.2731s, Duration: 5.7600s
task-2: Item 10 - First Chunk Latency: 0.2664s, Second Chunk Latency: 0.12941479682922363, Total Latency: 0.8033s, Duration: 4.4000s
task-2: Item 11 - First Chunk Latency: 0.2915s, Second Chunk Latency: 0.13737940788269043, Total Latency: 0.8185s, Duration: 3.9200s
task-2: Closing stream and sync client...
task-2: Finished streaming processing. Total duration synthesized: 88.8800s
task-2: Dropped first 4 requests as warmup from latency aggregation.
task-6: Item 11 - First Chunk Latency: 0.3065s, Second Chunk Latency: 0.15560054779052734, Total Latency: 1.0433s, Duration: 5.9600s
task-6: Closing stream and sync client...
task-6: Finished streaming processing. Total duration synthesized: 86.7200s
task-6: Dropped first 4 requests as warmup from latency aggregation.
Mode: streaming
RTF: 0.0547
total_duration: 513.360 seconds
(0.14 hours)
processing time: 28.100 seconds (0.01 hours)

--- Total Request Latency ---
total_request_latency_variance: 1001.15
total_request_latency_50_percentile_ms: 1639.67
total_request_latency_90_percentile_ms: 2482.26
total_request_latency_95_percentile_ms: 3739.38
total_request_latency_99_percentile_ms: 5514.79
average_total_request_latency_ms: 1867.32

--- First Chunk Latency ---
first_chunk_latency_variance: 7.60
first_chunk_latency_50_percentile_ms: 427.37
first_chunk_latency_90_percentile_ms: 532.77
first_chunk_latency_95_percentile_ms: 558.97
first_chunk_latency_99_percentile_ms: 601.15
average_first_chunk_latency_ms: 427.39

--- Second Chunk Latency ---
second_chunk_latency_variance: 6.06
second_chunk_latency_50_percentile_ms: 302.88
second_chunk_latency_90_percentile_ms: 395.88
second_chunk_latency_95_percentile_ms: 424.39
second_chunk_latency_99_percentile_ms: 483.05
average_second_chunk_latency_ms: 297.10

--- Inter-Chunk Interval (jitter) ---
inter_chunk_count: 191
inter_chunk_interval_50_percentile_ms: 385.75
inter_chunk_interval_90_percentile_ms: 711.96
inter_chunk_interval_95_percentile_ms: 1066.79
inter_chunk_interval_99_percentile_ms: 2077.20
inter_chunk_interval_max_ms: 2686.13
average_inter_chunk_interval_ms: 482.27
stutter_fraction_above_1000ms: 0.0576

Fetching inference statistics after running tasks...
Calculating statistics difference...
Fetching model config...
Closing temporary async stats client...
