Initializing gRPC client for streaming mode...
Capped dataset to first 96 items via --max-samples.
Initializing temporary async client for fetching stats...
Fetching inference statistics before running tasks...
task-0: Initializing sync client for streaming...
task-0: Starting streaming processing for 24 items.
task-0: Processing item 0/24
task-1: Initializing sync client for streaming...
task-1: Starting streaming processing for 24 items.
task-1: Processing item 0/24
task-2: Initializing sync client for streaming...
task-2: Starting streaming processing for 24 items.
task-2: Processing item 0/24
task-3: Initializing sync client for streaming...
task-3: Starting streaming processing for 24 items.
task-3: Processing item 0/24
task-1: Item 0 - First Chunk Latency: 0.3774s, Second Chunk Latency: 0.20284438133239746, Total Latency: 0.9512s, Duration: 2.5200s
task-0: Item 0 - First Chunk Latency: 0.2652s, Second Chunk Latency: 0.2503471374511719, Total Latency: 1.0760s, Duration: 3.1200s
task-2: Item 0 - First Chunk Latency: 0.4142s, Second Chunk Latency: 0.2065439224243164, Total Latency: 1.0584s, Duration: 3.1200s
task-3: Item 0 - First Chunk Latency: 0.3851s, Second Chunk Latency: 0.21686148643493652, Total Latency: 1.2158s, Duration: 3.8800s
task-0: Item 1 - First Chunk Latency: 0.3585s, Second Chunk Latency: 0.2723560333251953, Total Latency: 0.9417s, Duration: 2.6800s
task-1: Item 1 - First Chunk Latency: 0.3656s, Second Chunk Latency: 0.2189781665802002, Total Latency: 1.1427s, Duration: 3.7200s
task-2: Item 1 - First Chunk Latency: 0.4777s, Second Chunk Latency: 0.17827582359313965, Total Latency: 1.2662s, Duration: 3.2400s
task-3: Item 1 - First Chunk Latency: 0.4209s, Second Chunk Latency: 0.1739041805267334, Total Latency: 1.5673s, Duration: 4.7600s
task-1: Item 2 - First Chunk Latency: 0.2870s, Second Chunk Latency: 0.3155028820037842, Total Latency: 1.2080s, Duration: 3.9600s
task-2: Item 2 - First Chunk Latency: 0.4639s, Second Chunk Latency: 0.18440508842468262, Total Latency: 1.0571s, Duration: 3.0400s
task-3: Item 2 - First Chunk Latency: 0.3019s, Second Chunk Latency: 0.20357179641723633, Total Latency: 1.2255s, Duration: 4.6000s
task-0: Item 2 - First Chunk Latency: 0.4431s, Second Chunk Latency: 0.24647188186645508, Total Latency: 2.2092s, Duration: 7.4000s
task-2: Item 3 - First Chunk Latency: 0.4187s, Second Chunk Latency: 0.22376108169555664, Total Latency: 1.2449s, Duration: 3.3600s
task-1: Item 3 - First Chunk Latency: 0.2943s, Second Chunk Latency: 0.21244597434997559, Total Latency: 1.4616s, Duration: 5.6000s
task-0: Item 3 - First Chunk Latency: 0.3875s, Second Chunk Latency: 0.2230377197265625, Total Latency: 1.3093s, Duration: 3.7600s
task-3: Item 3 - First Chunk Latency: 0.3139s, Second Chunk Latency: 0.19289064407348633, Total Latency: 1.4784s, Duration: 5.2000s
task-1: Item 4 - First Chunk Latency: 0.3382s, Second Chunk Latency: 0.23138689994812012, Total Latency: 0.8420s, Duration: 2.9200s
task-1: Processing item 5/24
task-2: Item 4 - First Chunk Latency: 0.3397s, Second Chunk Latency: 0.18056559562683105, Total Latency: 1.1258s, Duration: 4.0400s
task-2: Processing item 5/24
task-3: Item 4 - First Chunk Latency: 0.4254s, Second Chunk Latency: 0.28405165672302246, Total Latency: 0.8677s, Duration: 1.3200s
task-3: Processing item 5/24
task-1: Item 5 - First Chunk Latency: 0.3426s, Second Chunk Latency: 0.21833252906799316, Total Latency: 1.2275s, Duration: 4.2800s
task-0: Item 4 - First Chunk Latency: 0.3869s, Second Chunk Latency: 0.22257184982299805, Total Latency: 1.3567s, Duration: 4.6000s
task-0: Processing item 5/24
task-3: Item 5 - First Chunk Latency: 0.3798s, Second Chunk Latency: 0.20568227767944336, Total Latency: 1.2807s, Duration: 4.7200s
task-0: Item 5 - First Chunk Latency: 0.3260s, Second Chunk Latency: 0.22310924530029297, Total Latency: 1.1350s, Duration: 3.1600s
task-1: Item 6 - First Chunk Latency: 0.3218s, Second Chunk Latency: 0.1668684482574463, Total Latency: 1.3187s, Duration: 5.6400s
task-3: Item 6 - First Chunk Latency: 0.3326s, Second Chunk Latency: 0.17215180397033691, Total Latency: 1.0005s, Duration: 4.0000s
task-1: Item 7 - First Chunk Latency: 0.3335s, Second Chunk Latency: 0.16937541961669922, Total Latency: 0.9297s, Duration: 3.1200s
task-0: Item 6 - First Chunk Latency: 0.4048s, Second Chunk Latency: 0.3200340270996094, Total Latency: 2.0252s, Duration: 8.7600s
task-1: Item 8 - First Chunk Latency: 0.3222s, Second Chunk Latency: 0.12262296676635742, Total Latency: 1.1616s, Duration: 4.9200s
task-2: Item 5 - First Chunk Latency: 0.3935s, Second Chunk Latency: 0.20150160789489746, Total Latency: 4.6774s, Duration: 23.6000s
task-3: Item 7 - First Chunk Latency: 0.2764s, Second Chunk Latency: 0.18688583374023438, Total Latency: 1.8738s, Duration: 8.7200s
task-0: Item 7 - First Chunk Latency: 0.4035s, Second Chunk Latency: 0.20509123802185059, Total Latency: 1.3579s, Duration: 5.1200s
task-2: Item 6 - First Chunk Latency: 0.3587s, Second Chunk Latency: 0.173614501953125, Total Latency: 1.4338s, Duration: 5.8400s
task-1: Item 9 - First Chunk Latency: 0.3153s, Second Chunk Latency: 0.3475065231323242, Total Latency: 1.8421s, Duration: 8.3200s
task-1: Processing item 10/24
task-0: Item 8 - First Chunk Latency: 0.3512s, Second Chunk Latency: 0.22974252700805664, Total Latency: 0.9507s, Duration: 3.1600s
task-2: Item 7 - First Chunk Latency: 0.3802s, Second Chunk Latency: 0.14075398445129395, Total Latency: 1.0924s, Duration: 4.3600s
task-1: Item 10 - First Chunk Latency: 0.4081s, Second Chunk Latency: 0.19101905822753906, Total Latency: 1.2269s, Duration: 4.3200s
task-0: Item 9 - First Chunk Latency: 0.3241s, Second Chunk Latency: 0.15318965911865234, Total Latency: 1.0836s, Duration: 4.0800s
task-0: Processing item 10/24
task-2: Item 8 - First Chunk Latency: 0.3542s, Second Chunk Latency: 0.25897717475891113, Total Latency: 0.8315s, Duration: 2.3200s
task-1: Item 11 - First Chunk Latency: 0.3707s, Second Chunk Latency: 0.17303824424743652, Total Latency: 1.0872s, Duration: 4.2800s
task-2: Item 9 - First Chunk Latency: 0.2338s, Second Chunk Latency: 0.17435812950134277, Total Latency: 0.6982s, Duration: 2.8000s
task-2: Processing item 10/24
task-0: Item 10 - First Chunk Latency: 0.3163s, Second Chunk Latency: 0.17796087265014648, Total Latency: 1.1984s, Duration: 5.6000s
task-3: Item 8 - First Chunk Latency: 0.3712s, Second Chunk Latency: 0.1783311367034912, Total Latency: 4.7232s, Duration: 23.6000s
task-1: Item 12 - First Chunk Latency: 0.5033s, Second Chunk Latency: 0.2160189151763916, Total Latency: 1.3157s, Duration: 4.2800s
task-2: Item 10 - First Chunk Latency: 0.2774s, Second Chunk Latency: 0.32999587059020996, Total Latency: 1.3064s, Duration: 4.8000s
task-0: Item 11 - First Chunk Latency: 0.3685s, Second Chunk Latency: 0.16913866996765137, Total Latency: 1.4761s, Duration: 5.8800s
task-3: Item 9 - First Chunk Latency: 0.3539s, Second Chunk Latency: 0.21040725708007812, Total Latency: 1.8254s, Duration: 7.1200s
task-3: Processing item 10/24
task-1: Item 13 - First Chunk Latency: 0.2964s, Second Chunk Latency: 0.2293567657470703, Total Latency: 1.3786s, Duration: 6.0800s
task-0: Item 12 - First Chunk Latency: 0.3020s, Second Chunk Latency: 0.18947649002075195, Total Latency: 1.1123s, Duration: 4.8000s
task-2: Item 11 - First Chunk Latency: 0.4054s, Second Chunk Latency: 0.15513849258422852, Total Latency: 1.8876s, Duration: 8.4400s
task-1: Item 14 - First Chunk Latency: 0.3847s, Second Chunk Latency: 0.2500030994415283, Total Latency: 1.2552s, Duration: 4.1200s
task-1: Processing item 15/24
task-0: Item 13 - First Chunk Latency: 0.3322s, Second Chunk Latency: 0.21765398979187012, Total Latency: 1.0913s, Duration: 3.6400s
task-2: Item 12 - First Chunk Latency: 0.2712s, Second Chunk Latency: 0.2303922176361084, Total Latency: 0.8712s, Duration: 3.1600s
task-3: Item 10 - First Chunk Latency: 0.4720s, Second Chunk Latency: 0.20771050453186035, Total Latency: 1.5230s, Duration: 5.4800s
task-1: Item 15 - First Chunk Latency: 0.3473s, Second Chunk Latency: 0.14866304397583008, Total Latency: 0.8894s, Duration: 2.9200s
task-0: Item 14 - First Chunk Latency: 0.3752s, Second Chunk Latency: 0.20292925834655762, Total Latency: 0.9388s, Duration: 3.1200s
task-0: Processing item 15/24
task-3: Item 11 - First Chunk Latency: 0.3581s, Second Chunk Latency: 0.2262113094329834, Total Latency: 1.4657s, Duration: 5.9600s
task-2: Item 13 - First Chunk Latency: 0.3760s, Second Chunk Latency: 0.25263285636901855, Total Latency: 1.5676s, Duration: 6.5200s
task-1: Item 16 - First Chunk Latency: 0.3739s, Second Chunk Latency: 0.15953612327575684, Total Latency: 1.1673s, Duration: 4.2400s
task-0: Item 15 - First Chunk Latency: 0.3975s, Second Chunk Latency: 0.21239089965820312, Total Latency: 1.4026s, Duration: 4.9600s
task-1: Item 17 - First Chunk Latency: 0.3842s, Second Chunk Latency: 0.1763756275177002, Total Latency: 0.7123s, Duration: 1.6000s
task-2: Item 14 - First Chunk Latency: 0.3394s, Second Chunk Latency: 0.2377185821533203, Total Latency: 1.1327s, Duration: 3.7200s
task-2: Processing item 15/24
task-0: Item 16 - First Chunk Latency: 0.3959s, Second Chunk Latency: 0.22414350509643555, Total Latency: 1.1004s, Duration: 3.9600s
task-0: Item 17 - First Chunk Latency: 0.2213s, Second Chunk Latency: 0.13922929763793945, Total Latency: 0.8303s, Duration: 4.1200s
task-2: Item 15 - First Chunk Latency: 0.2969s, Second Chunk Latency: 0.253326416015625, Total Latency: 1.4634s, Duration: 6.9200s
task-1: Item 18 - First Chunk Latency: 0.3099s, Second Chunk Latency: 0.17969751358032227, Total Latency: 1.6666s, Duration: 7.1200s
task-2: Item 16 - First Chunk Latency: 0.3899s, Second Chunk Latency: 0.22056293487548828, Total Latency: 1.0726s, Duration: 3.3200s
task-0: Item 18 - First Chunk Latency: 0.2675s, Second Chunk Latency: 0.24272608757019043, Total Latency: 1.2294s, Duration: 5.3200s
task-1: Item 19 - First Chunk Latency: 0.3572s, Second Chunk Latency: 0.19850397109985352, Total Latency: 1.2379s, Duration: 5.2800s
task-1: Processing item 20/24
task-3: Item 12 - First Chunk Latency: 0.3373s, Second Chunk Latency: 0.20378589630126953, Total Latency: 4.7093s, Duration: 23.6000s
task-2: Item 17 - First Chunk Latency: 0.3258s, Second Chunk Latency: 0.17350053787231445, Total Latency: 1.1536s, Duration: 3.7200s
task-0: Item 19 - First Chunk Latency: 0.3245s, Second Chunk Latency: 0.29431819915771484, Total Latency: 1.2331s, Duration: 4.2000s
task-0: Processing item 20/24
task-1: Item 20 - First Chunk Latency: 0.3651s, Second Chunk Latency: 0.24873876571655273, Total Latency: 1.5124s, Duration: 5.3200s
task-0: Item 20 - First Chunk Latency: 0.3419s, Second Chunk Latency: 0.1685492992401123, Total Latency: 0.7179s, Duration: 2.1600s
task-3: Item 13 - First Chunk Latency: 0.3885s, Second Chunk Latency: 0.19732189178466797, Total Latency: 1.1927s, Duration: 3.7200s
task-2: Item 18 - First Chunk Latency: 0.3512s, Second Chunk Latency: 0.20968198776245117, Total Latency: 1.1576s, Duration: 3.8000s
task-1: Item 21 - First Chunk Latency: 0.4495s, Second Chunk Latency: 0.24945974349975586, Total Latency: 1.2762s, Duration: 3.4400s
task-0: Item 21 - First Chunk Latency: 0.3930s, Second Chunk Latency: 0.13536524772644043, Total Latency: 1.3445s, Duration: 5.1600s
task-3: Item 14 - First Chunk Latency: 0.3262s, Second Chunk Latency: 0.22273659706115723, Total Latency: 1.3504s, Duration: 4.9600s
task-3: Processing item 15/24
task-2: Item 19 - First Chunk Latency: 0.3768s, Second Chunk Latency: 0.23007941246032715, Total Latency: 1.3050s, Duration: 4.9200s
task-2: Processing item 20/24
task-1: Item 22 - First Chunk Latency: 0.3521s, Second Chunk Latency: 0.26687145233154297, Total Latency: 0.9365s, Duration: 2.7600s
task-3: Item 15 - First Chunk Latency: 0.4160s, Second Chunk Latency: 0.16694092750549316, Total Latency: 0.7949s, Duration: 2.1600s
task-2: Item 20 - First Chunk Latency: 0.3839s, Second Chunk Latency: 0.22154831886291504, Total Latency: 1.0224s, Duration: 3.0800s
task-0: Item 22 - First Chunk Latency: 0.3837s, Second Chunk Latency: 0.19600582122802734, Total Latency: 1.6907s, Duration: 7.0400s
task-3: Item 16 - First Chunk Latency: 0.3275s, Second Chunk Latency: 0.1341874599456787, Total Latency: 0.9827s, Duration: 3.8000s
task-1: Item 23 - First Chunk Latency: 0.3557s, Second Chunk Latency: 0.18720269203186035, Total Latency: 1.5005s, Duration: 6.8800s
task-1: Closing stream and sync client...
task-1: Finished streaming processing. Total duration synthesized: 107.6400s
task-1: Dropped first 4 requests as warmup from latency aggregation.
task-2: Item 21 - First Chunk Latency: 0.2626s, Second Chunk Latency: 0.17313742637634277, Total Latency: 1.3010s, Duration: 6.4400s
task-0: Item 23 - First Chunk Latency: 0.3972s, Second Chunk Latency: 0.20013737678527832, Total Latency: 1.2519s, Duration: 5.2000s
task-0: Closing stream and sync client...
task-0: Finished streaming processing. Total duration synthesized: 111.0000s
task-0: Dropped first 4 requests as warmup from latency aggregation.
task-3: Item 17 - First Chunk Latency: 0.3473s, Second Chunk Latency: 0.18549084663391113, Total Latency: 1.0781s, Duration: 4.1600s
task-2: Item 22 - First Chunk Latency: 0.3092s, Second Chunk Latency: 0.20118284225463867, Total Latency: 1.0764s, Duration: 5.4400s
task-3: Item 18 - First Chunk Latency: 0.2316s, Second Chunk Latency: 0.14424777030944824, Total Latency: 0.9326s, Duration: 5.0800s
task-3: Item 19 - First Chunk Latency: 0.1809s, Second Chunk Latency: 0.1371293067932129, Total Latency: 0.5293s, Duration: 2.8000s
task-3: Processing item 20/24
task-2: Item 23 - First Chunk Latency: 0.3105s, Second Chunk Latency: 0.12914013862609863, Total Latency: 0.8901s, Duration: 4.6000s
task-2: Closing stream and sync client...
task-2: Finished streaming processing. Total duration synthesized: 124.6000s
task-2: Dropped first 4 requests as warmup from latency aggregation.
task-3: Item 20 - First Chunk Latency: 0.1916s, Second Chunk Latency: 0.13847041130065918, Total Latency: 0.6354s, Duration: 3.5600s
task-3: Item 21 - First Chunk Latency: 0.2048s, Second Chunk Latency: 0.1345691680908203, Total Latency: 0.5435s, Duration: 2.8800s
task-3: Item 22 - First Chunk Latency: 0.2050s, Second Chunk Latency: 0.10628724098205566, Total Latency: 0.6032s, Duration: 3.2800s
task-3: Item 23 - First Chunk Latency: 0.1884s, Second Chunk Latency: 0.13185501098632812, Total Latency: 0.4911s, Duration: 3.1600s
task-3: Closing stream and sync client...
task-3: Finished streaming processing. Total duration synthesized: 142.5200s
task-3: Dropped first 4 requests as warmup from latency aggregation.
Mode: streaming
RTF: 0.0720
total_duration: 485.760 seconds
(0.13 hours)
processing time: 34.986 seconds (0.01 hours)

--- Total Request Latency ---
total_request_latency_variance: 551.15
total_request_latency_50_percentile_ms: 1180.03
total_request_latency_90_percentile_ms: 1704.14
total_request_latency_95_percentile_ms: 1894.45
total_request_latency_99_percentile_ms: 4712.23
average_total_request_latency_ms: 1306.01

--- First Chunk Latency ---
first_chunk_latency_variance: 3.86
first_chunk_latency_50_percentile_ms: 349.25
first_chunk_latency_90_percentile_ms: 403.60
first_chunk_latency_95_percentile_ms: 416.49
first_chunk_latency_99_percentile_ms: 478.53
average_first_chunk_latency_ms: 341.20

--- Second Chunk Latency ---
second_chunk_latency_variance: 2.24
second_chunk_latency_50_percentile_ms: 199.32
second_chunk_latency_90_percentile_ms: 252.70
second_chunk_latency_95_percentile_ms: 284.56
second_chunk_latency_99_percentile_ms: 333.67
average_second_chunk_latency_ms: 199.71

--- Inter-Chunk Interval (jitter) ---
inter_chunk_count: 235
inter_chunk_interval_50_percentile_ms: 274.39
inter_chunk_interval_90_percentile_ms: 492.81
inter_chunk_interval_95_percentile_ms: 660.38
inter_chunk_interval_99_percentile_ms: 1485.72
inter_chunk_interval_max_ms: 1713.47
average_inter_chunk_interval_ms: 328.19
stutter_fraction_above_1000ms: 0.0255

Fetching inference statistics after running tasks...
Calculating statistics difference...
Fetching model config...
Closing temporary async stats client...
